// Jest Snapshot v1, https://goo.gl/fbAQLP

exports[`<Export /> should render properly 1`] = `
.emotion-2 {
  padding: 16px;
}

.emotion-0 {
  height: 16px;
}

.emotion-1 {
  -webkit-flex: 0;
  -ms-flex: 0;
  flex: 0;
  display: -webkit-box;
  display: -webkit-flex;
  display: -ms-flexbox;
  display: flex;
  -webkit-flex-direction: column;
  -ms-flex-direction: column;
  flex-direction: column;
  -webkit-align-items: center;
  -webkit-box-align: center;
  -ms-flex-align: center;
  align-items: center;
  -webkit-box-pack: center;
  -webkit-justify-content: center;
  -ms-flex-pack: center;
  justify-content: center;
  border-radius: 2px;
  padding: 12px 32px;
  white-space: nowrap;
  font-size: 15px;
  line-height: 19px;
  font-weight: 500;
  border: none;
  cursor: pointer;
  color: #ffffff;
  background-color: transparent;
  padding: 8px 16px;
  width: -webkit-fit-content;
  width: -moz-fit-content;
  width: fit-content;
}

.emotion-1:hover {
  -webkit-text-decoration: none;
  text-decoration: none;
}

.emotion-1[aria-disabled=true] {
  color: #2e2e2e;
}

.emotion-1,
.emotion-1:hover,
.emotion-1:visited {
  background-color: #73b61c;
}

.emotion-1:hover {
  background-color: #96c955;
}

.emotion-1[aria-disabled=true] {
  background-color: #808080;
}

<div
  className="emotion-2"
>
  <div>
    Export the metadata for all assets in the current search as a CSV file. File will download automatically.
  </div>
  <div
    className="emotion-0"
  />
  <a
    className="emotion-1"
    href="/api/v1/projects/76917058-b147-4556-987a-0a0f11e46d9b/searches/export/?query=W10=&format=csv"
  >
    Export CSV
  </a>
</div>
`;
