// Jest Snapshot v1, https://goo.gl/fbAQLP

exports[`<Sidebar /> should render properly closed 1`] = `
.emotion-9 {
  width: 240px;
  position: fixed;
  height: calc(100% - 44px);
  overflow-y: auto;
  z-index: 90;
  background-color: #4a4a4a;
  padding-bottom: 32px;
  -webkit-transition: left ease-in-out .3s,visibility ease-in-out .3s;
  transition: left ease-in-out .3s,visibility ease-in-out .3s;
  overscroll-behavior: contain;
  left: -240px;
  top: 44px;
  padding-top: 12px;
}

.emotion-8 {
  list-style-type: none;
  padding: 0;
  margin: 0;
}

.emotion-1 {
  border-bottom: 1px solid transparent;
}

.emotion-0 {
  display: -webkit-box;
  display: -webkit-flex;
  display: -ms-flexbox;
  display: flex;
  -webkit-align-items: center;
  -webkit-box-align: center;
  -ms-flex-align: center;
  align-items: center;
  padding: 12px;
  font-size: 15px;
  line-height: 18px;
  background-color: #3b3b3b;
  color: #73b61c;
}

.emotion-0 svg {
  margin-right: 12px;
}

.emotion-0:hover {
  -webkit-text-decoration: none;
  text-decoration: none;
  color: #73b61c;
  background-color: #3b3b3b;
}

.emotion-2 {
  display: -webkit-box;
  display: -webkit-flex;
  display: -ms-flexbox;
  display: flex;
  -webkit-align-items: center;
  -webkit-box-align: center;
  -ms-flex-align: center;
  align-items: center;
  padding: 12px;
  font-size: 15px;
  line-height: 18px;
  background-color: none;
  color: #808080;
}

.emotion-2 svg {
  margin-right: 12px;
}

.emotion-2:hover {
  -webkit-text-decoration: none;
  text-decoration: none;
  color: #e0e0e0;
  background-color: #3b3b3b;
}

.emotion-10 {
  position: fixed;
  top: 0;
  left: 0;
  bottom: 0;
  z-index: 80;
  background-color: #000000;
  opacity: 0;
  width: 0;
  -webkit-transition: opacity ease-in-out .3s,width ease-in 0s .3s;
  transition: opacity ease-in-out .3s,width ease-in 0s .3s;
}

<div>
  <nav
    className="emotion-9"
  >
    <ul
      className="emotion-8"
    >
      <li
        className="emotion-1"
      >
        <a
          className="emotion-0"
          href="/76917058-b147-4556-987a-0a0f11e46d9b/jobs"
          onClick={[Function]}
          onMouseEnter={[Function]}
        >
          <svg
            aria-hidden={true}
            data-file-name="queue.svg"
            width={20}
          />
          Job Queue
        </a>
      </li>
      <li
        className="emotion-1"
      >
        <a
          className="emotion-2"
          href="/76917058-b147-4556-987a-0a0f11e46d9b/api-keys"
          onClick={[Function]}
          onMouseEnter={[Function]}
        >
          <svg
            aria-hidden={true}
            data-file-name="key.svg"
            width={20}
          />
          API Keys
        </a>
      </li>
      <li
        className="emotion-1"
      >
        <a
          className="emotion-2"
          href="/76917058-b147-4556-987a-0a0f11e46d9b/users"
          onClick={[Function]}
          onMouseEnter={[Function]}
        >
          <svg
            aria-hidden={true}
            data-file-name="users.svg"
            width={20}
          />
          User Admin
        </a>
      </li>
      <li
        className="emotion-1"
      >
        <a
          className="emotion-2"
          href="/76917058-b147-4556-987a-0a0f11e46d9b/account"
          onClick={[Function]}
          onMouseEnter={[Function]}
        >
          <svg
            aria-hidden={true}
            data-file-name="gear.svg"
            width={20}
          />
          User Admin
        </a>
      </li>
    </ul>
  </nav>
  <div
    aria-label="Close Sidebar Menu"
    className="emotion-10"
    onClick={[Function]}
    onKeyDown={[Function]}
    role="button"
    tabIndex="-1"
  />
</div>
`;

exports[`<Sidebar /> should render properly opened 1`] = `
.emotion-8 {
  list-style-type: none;
  padding: 0;
  margin: 0;
}

.emotion-1 {
  border-bottom: 1px solid transparent;
}

.emotion-0 {
  display: -webkit-box;
  display: -webkit-flex;
  display: -ms-flexbox;
  display: flex;
  -webkit-align-items: center;
  -webkit-box-align: center;
  -ms-flex-align: center;
  align-items: center;
  padding: 12px;
  font-size: 15px;
  line-height: 18px;
  background-color: #3b3b3b;
  color: #73b61c;
}

.emotion-0 svg {
  margin-right: 12px;
}

.emotion-0:hover {
  -webkit-text-decoration: none;
  text-decoration: none;
  color: #73b61c;
  background-color: #3b3b3b;
}

.emotion-2 {
  display: -webkit-box;
  display: -webkit-flex;
  display: -ms-flexbox;
  display: flex;
  -webkit-align-items: center;
  -webkit-box-align: center;
  -ms-flex-align: center;
  align-items: center;
  padding: 12px;
  font-size: 15px;
  line-height: 18px;
  background-color: none;
  color: #808080;
}

.emotion-2 svg {
  margin-right: 12px;
}

.emotion-2:hover {
  -webkit-text-decoration: none;
  text-decoration: none;
  color: #e0e0e0;
  background-color: #3b3b3b;
}

.emotion-9 {
  width: 240px;
  position: fixed;
  height: calc(100% - 44px);
  overflow-y: auto;
  z-index: 90;
  background-color: #4a4a4a;
  padding-bottom: 32px;
  -webkit-transition: left ease-in-out .3s,visibility ease-in-out .3s;
  transition: left ease-in-out .3s,visibility ease-in-out .3s;
  overscroll-behavior: contain;
  left: 0;
  top: 44px;
  padding-top: 12px;
}

.emotion-10 {
  position: fixed;
  top: 0;
  left: 0;
  bottom: 0;
  z-index: 80;
  background-color: #000000;
  opacity: 0.5;
  width: 100%;
  -webkit-transition: opacity ease-in-out .3s,width ease-in 0s 0s;
  transition: opacity ease-in-out .3s,width ease-in 0s 0s;
}

<div>
  <nav
    className="emotion-9"
  >
    <ul
      className="emotion-8"
    >
      <li
        className="emotion-1"
      >
        <a
          className="emotion-0"
          href="/76917058-b147-4556-987a-0a0f11e46d9b/jobs"
          onClick={[Function]}
          onMouseEnter={[Function]}
        >
          <svg
            aria-hidden={true}
            data-file-name="queue.svg"
            width={20}
          />
          Job Queue
        </a>
      </li>
      <li
        className="emotion-1"
      >
        <a
          className="emotion-2"
          href="/76917058-b147-4556-987a-0a0f11e46d9b/api-keys"
          onClick={[Function]}
          onMouseEnter={[Function]}
        >
          <svg
            aria-hidden={true}
            data-file-name="key.svg"
            width={20}
          />
          API Keys
        </a>
      </li>
      <li
        className="emotion-1"
      >
        <a
          className="emotion-2"
          href="/76917058-b147-4556-987a-0a0f11e46d9b/users"
          onClick={[Function]}
          onMouseEnter={[Function]}
        >
          <svg
            aria-hidden={true}
            data-file-name="users.svg"
            width={20}
          />
          User Admin
        </a>
      </li>
      <li
        className="emotion-1"
      >
        <a
          className="emotion-2"
          href="/76917058-b147-4556-987a-0a0f11e46d9b/account"
          onClick={[Function]}
          onMouseEnter={[Function]}
        >
          <svg
            aria-hidden={true}
            data-file-name="gear.svg"
            width={20}
          />
          User Admin
        </a>
      </li>
    </ul>
  </nav>
  <div
    aria-label="Close Sidebar Menu"
    className="emotion-10"
    onClick={[Function]}
    onKeyDown={[Function]}
    role="button"
    tabIndex="-1"
  />
</div>
`;
