// Jest Snapshot v1, https://goo.gl/fbAQLP

exports[`<ProjectUsersAdd /> should render properly 1`] = `
Array [
  .emotion-0 {
  font-size: 18px;
  line-height: 21px;
  font-weight: 400;
  padding-top: 24px;
  padding-bottom: 16px;
}

<h2
    className="emotion-0"
  >
    Project User Admin
  </h2>,
  .emotion-5 {
  padding: 16px;
  padding-left: 0;
  padding-right: 0;
}

.emotion-4 {
  list-style-type: none;
  padding: 0;
  margin: 0;
  display: -webkit-box;
  display: -webkit-flex;
  display: -ms-flexbox;
  display: flex;
}

.emotion-1 {
  padding-right: 16px;
}

.emotion-0 {
  border: 0 #b8d652 solid;
  border-bottom-width: 0;
  color: #b3b3b3;
  display: -webkit-box;
  display: -webkit-flex;
  display: -ms-flexbox;
  display: flex;
  -webkit-align-items: center;
  -webkit-box-align: center;
  -ms-flex-align: center;
  align-items: center;
  padding-top: 8px;
  padding-bottom: 8px;
  text-transform: uppercase;
  font-size: 17px;
  line-height: 20px;
  font-weight: 700;
}

.emotion-0:hover {
  -webkit-text-decoration: none;
  text-decoration: none;
  color: #73b61c;
}

<nav
    className="emotion-5"
  >
    <ul
      className="emotion-4"
    >
      <li
        className="emotion-1"
      >
        <a
          className="emotion-0"
          href="/76917058-b147-4556-987a-0a0f11e46d9b/users"
          onClick={[Function]}
          onMouseEnter={[Function]}
        >
          Users
        </a>
      </li>
      <li
        className="emotion-1"
      >
        <a
          className="emotion-0"
          href="/76917058-b147-4556-987a-0a0f11e46d9b/users/add"
          onClick={[Function]}
          onMouseEnter={[Function]}
        >
          Create User
        </a>
      </li>
    </ul>
  </nav>,
  <div>
    Â 
  </div>,
]
`;
