// Jest Snapshot v1, https://goo.gl/fbAQLP

exports[`<Layout /> should render properly 1`] = `
.emotion-11 {
  height: 100%;
}

.emotion-9 {
  position: fixed;
  top: 0;
  left: 0;
  right: 0;
  height: 44px;
  display: -webkit-box;
  display: -webkit-flex;
  display: -ms-flexbox;
  display: flex;
  -webkit-box-pack: justify;
  -webkit-justify-content: space-between;
  -ms-flex-pack: justify;
  justify-content: space-between;
  -webkit-align-items: center;
  -webkit-box-align: center;
  -ms-flex-align: center;
  align-items: center;
  background-color: #2e2e2e;
  box-shadow: 0 0 4px 0 rgba(0,0,0,0.5);
  z-index: 100;
  padding-left: 16px;
  padding-right: 16px;
}

.emotion-2 {
  display: -webkit-box;
  display: -webkit-flex;
  display: -ms-flexbox;
  display: flex;
  -webkit-align-items: stretch;
  -webkit-box-align: stretch;
  -ms-flex-align: stretch;
  align-items: stretch;
}

.emotion-0 {
  border: 0;
  background-color: inherit;
  color: #808080;
  display: -webkit-box;
  display: -webkit-flex;
  display: -ms-flexbox;
  display: flex;
  -webkit-box-pack: center;
  -webkit-justify-content: center;
  -ms-flex-pack: center;
  justify-content: center;
  -webkit-align-items: center;
  -webkit-box-align: center;
  -ms-flex-align: center;
  align-items: center;
  padding: 8px;
  margin: 0;
  margin-left: -8px;
  cursor: pointer;
}

.emotion-1 {
  padding-left: 8px;
  padding-right: 8px;
}

.emotion-8 {
  margin-right: -12px;
}

.emotion-7 {
  position: relative;
}

.emotion-6 {
  -webkit-flex: 0;
  -ms-flex: 0;
  flex: 0;
  display: -webkit-box;
  display: -webkit-flex;
  display: -ms-flexbox;
  display: flex;
  -webkit-flex-direction: column;
  -ms-flex-direction: column;
  flex-direction: column;
  -webkit-align-items: center;
  -webkit-box-align: center;
  -ms-flex-align: center;
  align-items: center;
  -webkit-box-pack: center;
  -webkit-justify-content: center;
  -ms-flex-pack: center;
  justify-content: center;
  border-radius: 2px;
  margin: 0;
  padding: 12px 32px;
  white-space: nowrap;
  font-size: 15px;
  line-height: 18px;
  font-weight: 500;
  border: none;
  cursor: pointer;
  color: #ffffff;
  background-color: transparent;
  -webkit-flex: 1;
  -ms-flex: 1;
  flex: 1;
  padding: 4px 8px;
  color: #73b61c;
  font-weight: 400;
  height: 100%;
}

.emotion-6:hover {
  -webkit-text-decoration: none;
  text-decoration: none;
}

.emotion-6[aria-disabled=true] {
  color: #2e2e2e;
}

.emotion-6:hover {
  background-color: #3b3b3b;
}

.emotion-6:hover {
  cursor: pointer;
}

.emotion-5 {
  display: -webkit-box;
  display: -webkit-flex;
  display: -ms-flexbox;
  display: flex;
}

.emotion-3 {
  display: -webkit-box;
  display: -webkit-flex;
  display: -ms-flexbox;
  display: flex;
  -webkit-box-pack: center;
  -webkit-justify-content: center;
  -ms-flex-pack: center;
  justify-content: center;
  -webkit-align-items: center;
  -webkit-box-align: center;
  -ms-flex-align: center;
  align-items: center;
  border: 0;
  margin: 0;
  padding: 0;
  width: 28px;
  height: 28px;
  border-radius: 28px;
  color: #252525;
  background-color: #808080;
  font-weight: 700;
}

.emotion-4 {
  margin-left: 8px;
}

.emotion-10 {
  margin-top: 44px;
  padding-left: 32px;
  padding-right: 32px;
  padding-bottom: 32px;
  height: calc(100vh - 44px);
  display: -webkit-box;
  display: -webkit-flex;
  display: -ms-flexbox;
  display: flex;
  -webkit-flex-direction: column;
  -ms-flex-direction: column;
  flex-direction: column;
}

<div
  className="emotion-11"
>
  <div
    className="emotion-9"
  >
    <div
      className="emotion-2"
    >
      <button
        aria-label="Open Sidebar Menu"
        className="emotion-0"
        onClick={[Function]}
        type="button"
      >
        <svg
          aria-hidden={true}
          data-file-name="hamburger.svg"
          width={20}
        />
      </button>
      <div
        className="emotion-1"
      >
        <svg
          data-file-name="logo.svg"
          width={110}
        />
      </div>
      <ProjectSwitcher />
    </div>
    <div
      className="emotion-8"
    >
      <div
        className="emotion-7"
      >
        <button
          aria-label="Open user menu"
          className="emotion-6"
          onBlur={[Function]}
          onClick={[Function]}
          type="button"
        >
          <div
            className="emotion-5"
          >
            <div
              className="emotion-3"
            >
              JD
            </div>
            <svg
              className="emotion-4"
              color="#808080"
              data-file-name="chevron.svg"
              width={20}
            />
          </div>
        </button>
      </div>
    </div>
  </div>
  <Sidebar
    isSidebarOpen={false}
    setSidebarOpen={[Function]}
  />
  <div
    className="emotion-10"
  >
    Hello World
  </div>
</div>
`;

exports[`<Layout /> should render properly 2`] = `
.emotion-11 {
  height: 100%;
}

.emotion-9 {
  position: fixed;
  top: 0;
  left: 0;
  right: 0;
  height: 44px;
  display: -webkit-box;
  display: -webkit-flex;
  display: -ms-flexbox;
  display: flex;
  -webkit-box-pack: justify;
  -webkit-justify-content: space-between;
  -ms-flex-pack: justify;
  justify-content: space-between;
  -webkit-align-items: center;
  -webkit-box-align: center;
  -ms-flex-align: center;
  align-items: center;
  background-color: #2e2e2e;
  box-shadow: 0 0 4px 0 rgba(0,0,0,0.5);
  z-index: 100;
  padding-left: 16px;
  padding-right: 16px;
}

.emotion-2 {
  display: -webkit-box;
  display: -webkit-flex;
  display: -ms-flexbox;
  display: flex;
  -webkit-align-items: stretch;
  -webkit-box-align: stretch;
  -ms-flex-align: stretch;
  align-items: stretch;
}

.emotion-0 {
  border: 0;
  background-color: inherit;
  color: #808080;
  display: -webkit-box;
  display: -webkit-flex;
  display: -ms-flexbox;
  display: flex;
  -webkit-box-pack: center;
  -webkit-justify-content: center;
  -ms-flex-pack: center;
  justify-content: center;
  -webkit-align-items: center;
  -webkit-box-align: center;
  -ms-flex-align: center;
  align-items: center;
  padding: 8px;
  margin: 0;
  margin-left: -8px;
  cursor: pointer;
}

.emotion-1 {
  padding-left: 8px;
  padding-right: 8px;
}

.emotion-8 {
  margin-right: -12px;
}

.emotion-7 {
  position: relative;
}

.emotion-6 {
  -webkit-flex: 0;
  -ms-flex: 0;
  flex: 0;
  display: -webkit-box;
  display: -webkit-flex;
  display: -ms-flexbox;
  display: flex;
  -webkit-flex-direction: column;
  -ms-flex-direction: column;
  flex-direction: column;
  -webkit-align-items: center;
  -webkit-box-align: center;
  -ms-flex-align: center;
  align-items: center;
  -webkit-box-pack: center;
  -webkit-justify-content: center;
  -ms-flex-pack: center;
  justify-content: center;
  border-radius: 2px;
  margin: 0;
  padding: 12px 32px;
  white-space: nowrap;
  font-size: 15px;
  line-height: 18px;
  font-weight: 500;
  border: none;
  cursor: pointer;
  color: #ffffff;
  background-color: transparent;
  -webkit-flex: 1;
  -ms-flex: 1;
  flex: 1;
  padding: 4px 8px;
  color: #73b61c;
  font-weight: 400;
  height: 100%;
}

.emotion-6:hover {
  -webkit-text-decoration: none;
  text-decoration: none;
}

.emotion-6[aria-disabled=true] {
  color: #2e2e2e;
}

.emotion-6:hover {
  background-color: #3b3b3b;
}

.emotion-6:hover {
  cursor: pointer;
}

.emotion-5 {
  display: -webkit-box;
  display: -webkit-flex;
  display: -ms-flexbox;
  display: flex;
}

.emotion-3 {
  display: -webkit-box;
  display: -webkit-flex;
  display: -ms-flexbox;
  display: flex;
  -webkit-box-pack: center;
  -webkit-justify-content: center;
  -ms-flex-pack: center;
  justify-content: center;
  -webkit-align-items: center;
  -webkit-box-align: center;
  -ms-flex-align: center;
  align-items: center;
  border: 0;
  margin: 0;
  padding: 0;
  width: 28px;
  height: 28px;
  border-radius: 28px;
  color: #252525;
  background-color: #808080;
  font-weight: 700;
}

.emotion-4 {
  margin-left: 8px;
}

.emotion-10 {
  margin-top: 44px;
  padding-left: 32px;
  padding-right: 32px;
  padding-bottom: 32px;
  height: calc(100vh - 44px);
  display: -webkit-box;
  display: -webkit-flex;
  display: -ms-flexbox;
  display: flex;
  -webkit-flex-direction: column;
  -ms-flex-direction: column;
  flex-direction: column;
}

<div
  className="emotion-11"
>
  <div
    className="emotion-9"
  >
    <div
      className="emotion-2"
    >
      <button
        aria-label="Open Sidebar Menu"
        className="emotion-0"
        onClick={[Function]}
        type="button"
      >
        <svg
          aria-hidden={true}
          data-file-name="hamburger.svg"
          width={20}
        />
      </button>
      <div
        className="emotion-1"
      >
        <svg
          data-file-name="logo.svg"
          width={110}
        />
      </div>
      <ProjectSwitcher />
    </div>
    <div
      className="emotion-8"
    >
      <div
        className="emotion-7"
      >
        <button
          aria-label="Open user menu"
          className="emotion-6"
          onBlur={[Function]}
          onClick={[Function]}
          type="button"
        >
          <div
            className="emotion-5"
          >
            <div
              className="emotion-3"
            >
              JD
            </div>
            <svg
              className="emotion-4"
              color="#808080"
              data-file-name="chevron.svg"
              width={20}
            />
          </div>
        </button>
      </div>
    </div>
  </div>
  <Sidebar
    isSidebarOpen={true}
    setSidebarOpen={[Function]}
  />
  <div
    className="emotion-10"
  >
    Hello World
  </div>
</div>
`;
