// Jest Snapshot v1, https://goo.gl/fbAQLP

exports[`<DataSourcesEdit /> should render properly 1`] = `
Array [
  .emotion-0 {
  font-size: 18px;
  line-height: 21px;
  font-weight: 400;
  padding-top: 24px;
  padding-bottom: 16px;
}

<h2
    className="emotion-0"
  >
    Data Sources
  </h2>,
  .emotion-7 {
  padding: 16px;
  padding-left: 0;
  padding-right: 0;
}

.emotion-6 {
  list-style-type: none;
  padding: 0;
  margin: 0;
  display: -webkit-box;
  display: -webkit-flex;
  display: -ms-flexbox;
  display: flex;
  border-bottom: 1px solid #4a4a4a;
}

.emotion-1 {
  padding-right: 16px;
  margin-bottom: -1px;
}

.emotion-0 {
  border: 0 #73b61c solid;
  border-bottom-width: 0;
  color: #b3b3b3;
  display: -webkit-box;
  display: -webkit-flex;
  display: -ms-flexbox;
  display: flex;
  -webkit-align-items: center;
  -webkit-box-align: center;
  -ms-flex-align: center;
  align-items: center;
  padding-top: 8px;
  padding-bottom: 8px;
  text-transform: uppercase;
  font-size: 17px;
  line-height: 20px;
  font-weight: 700;
}

.emotion-0:hover {
  -webkit-text-decoration: none;
  text-decoration: none;
  color: #73b61c;
}

.emotion-4 {
  border: 0 #73b61c solid;
  border-bottom-width: 2px;
  display: -webkit-box;
  display: -webkit-flex;
  display: -ms-flexbox;
  display: flex;
  -webkit-align-items: center;
  -webkit-box-align: center;
  -ms-flex-align: center;
  align-items: center;
  padding-top: 8px;
  padding-bottom: 8px;
  text-transform: uppercase;
  font-size: 17px;
  line-height: 20px;
  font-weight: 700;
}

.emotion-4:hover {
  -webkit-text-decoration: none;
  text-decoration: none;
}

<nav
    className="emotion-7"
  >
    <ul
      className="emotion-6"
    >
      <li
        className="emotion-1"
      >
        <a
          className="emotion-0"
          href="/76917058-b147-4556-987a-0a0f11e46d9b/data-sources"
          onClick={[Function]}
          onMouseEnter={[Function]}
        >
          View all
        </a>
      </li>
      <li
        className="emotion-1"
      >
        <a
          className="emotion-0"
          href="/76917058-b147-4556-987a-0a0f11e46d9b/data-sources/add"
          onClick={[Function]}
          onMouseEnter={[Function]}
        >
          Add Data Source
        </a>
      </li>
      <li
        className="emotion-1"
      >
        <a
          className="emotion-4"
          href="/76917058-b147-4556-987a-0a0f11e46d9b/data-sources/2f0de857-95fd-120e-85f3-0242ac120002/edit"
          onClick={[Function]}
          onMouseEnter={[Function]}
        >
          Edit Data Source
        </a>
      </li>
    </ul>
  </nav>,
  <DataSourcesForm
    initialState={
      Object {
        "credential": undefined,
        "errors": Object {
          "global": "",
        },
        "fileTypes": Object {
          "images": true,
        },
        "modules": Array [
          "1810b623-4b95-11ea-8b23-0242ac120004",
        ],
        "name": "test",
        "uri": "gs://zorroa-dev-data/images",
      }
    }
  />,
]
`;
