// Jest Snapshot v1, https://goo.gl/fbAQLP

exports[`<ModelMatrix /> should render properly 1`] = `
.emotion-0 {
  -webkit-flex: 1;
  -ms-flex: 1;
  flex: 1;
  height: 100%;
  margin-left: -32px;
  margin-right: -32px;
  margin-bottom: -32px;
  padding-top: 1px;
  display: -webkit-box;
  display: -webkit-flex;
  display: -ms-flexbox;
  display: flex;
  -webkit-flex-direction: column;
  -ms-flex-direction: column;
  flex-direction: column;
}

.emotion-1 {
  display: -webkit-box;
  display: -webkit-flex;
  display: -ms-flexbox;
  display: flex;
  padding: 4px;
  background-color: #191919;
}

.emotion-2 {
  display: -webkit-box;
  display: -webkit-flex;
  display: -ms-flexbox;
  display: flex;
  -webkit-align-items: center;
  -webkit-box-align: center;
  -ms-flex-align: center;
  align-items: center;
  padding: 8px;
  color: #b3b3b3;
  font-size: 17px;
  line-height: 20px;
}

.emotion-2:hover,
.emotion-2.focus-visible:focus {
  -webkit-text-decoration: none;
  text-decoration: none;
  color: #ffffff;
}

.emotion-3 {
  margin-right: 8px;
}

<div
  className="emotion-0"
>
  <div
    className="emotion-1"
  >
    <a
      className="emotion-2"
      href="/76917058-b147-4556-987a-0a0f11e46d9b/models/621bf775-89d9-1244-9596-d6df43f1ede5"
      onClick={[Function]}
      onMouseEnter={[Function]}
    >
      <svg
        className="emotion-3"
        data-file-name="back.svg"
        height={20}
      />
      Model Details: 
      console_face_recognition
    </a>
  </div>
  <ModelMatrixLayout
    modelId="621bf775-89d9-1244-9596-d6df43f1ede5"
    projectId="76917058-b147-4556-987a-0a0f11e46d9b"
  />
</div>
`;
