// Jest Snapshot v1, https://goo.gl/fbAQLP

exports[`<Resizeable /> should render properly initially closed 1`] = `
.emotion-0 {
  -webkit-user-select: none;
  -moz-user-select: none;
  -ms-user-select: none;
  user-select: none;
  cursor: col-resize;
  width: 4px;
  margin-left: -2px;
  margin-right: -2px;
  z-index: 10;
}

.emotion-1 {
  width: 0;
  display: -webkit-box;
  display: -webkit-flex;
  display: -ms-flexbox;
  display: flex;
  -webkit-flex-direction: column;
  -ms-flex-direction: column;
  flex-direction: column;
}

<div
  style={
    Object {
      "alignItems": "stretch",
      "display": "flex",
      "flexDirection": "row",
      "flexWrap": "nowrap",
      "height": "100%",
    }
  }
>
  <div
    aria-label="Resize horizontally"
    className="emotion-0"
    onMouseDown={[Function]}
  />
  <div>
    Header
  </div>
  <div
    className="emotion-1"
  >
    <div>
      Body
    </div>
  </div>
</div>
`;

exports[`<Resizeable /> should render properly with the cursor left 1`] = `
.emotion-0 {
  -webkit-user-select: none;
  -moz-user-select: none;
  -ms-user-select: none;
  user-select: none;
  cursor: col-resize;
  width: 4px;
  margin-left: -2px;
  margin-right: -2px;
  z-index: 10;
}

.emotion-1 {
  width: 0;
  display: -webkit-box;
  display: -webkit-flex;
  display: -ms-flexbox;
  display: flex;
  -webkit-flex-direction: column;
  -ms-flex-direction: column;
  flex-direction: column;
}

<div
  style={
    Object {
      "alignItems": "stretch",
      "display": "flex",
      "flexDirection": "row",
      "flexWrap": "nowrap",
      "height": "100%",
    }
  }
>
  <div
    aria-label="Resize horizontally"
    className="emotion-0"
    onMouseDown={[Function]}
  />
  <div>
    Header
  </div>
  <div
    className="emotion-1"
  >
    <div>
      Body
    </div>
  </div>
</div>
`;
