// Jest Snapshot v1, https://goo.gl/fbAQLP

exports[`<StylesReset /> should not blow up 1`] = `null`;
