// Jest Snapshot v1, https://goo.gl/fbAQLP

exports[`<Navbar /> should render properly 1`] = `
.emotion-5 {
  position: fixed;
  top: 0;
  left: 0;
  right: 0;
  height: 44px;
  display: -webkit-box;
  display: -webkit-flex;
  display: -ms-flexbox;
  display: flex;
  -webkit-box-pack: justify;
  -webkit-justify-content: space-between;
  -ms-flex-pack: justify;
  justify-content: space-between;
  -webkit-align-items: center;
  -webkit-box-align: center;
  -ms-flex-align: center;
  align-items: center;
  background-color: #2e2e2e;
  box-shadow: 0 0 4px 0 rgba(0,0,0,0.5);
  z-index: 100;
  padding-left: 16px;
  padding-right: 16px;
}

.emotion-2 {
  display: -webkit-box;
  display: -webkit-flex;
  display: -ms-flexbox;
  display: flex;
  -webkit-align-items: stretch;
  -webkit-box-align: stretch;
  -ms-flex-align: stretch;
  align-items: stretch;
}

.emotion-0 {
  border: 0;
  background-color: inherit;
  color: #808080;
  display: -webkit-box;
  display: -webkit-flex;
  display: -ms-flexbox;
  display: flex;
  -webkit-box-pack: center;
  -webkit-justify-content: center;
  -ms-flex-pack: center;
  justify-content: center;
  -webkit-align-items: center;
  -webkit-box-align: center;
  -ms-flex-align: center;
  align-items: center;
  padding: 8px;
  margin: 0;
  margin-left: -8px;
  cursor: pointer;
}

.emotion-1 {
  padding-left: 8px;
  padding-right: 8px;
}

.emotion-4 {
  position: relative;
}

.emotion-3 {
  border: 0;
  margin: 0;
  padding: 0;
  width: 28px;
  height: 28px;
  border-radius: 28px;
  color: #ffffff;
  background-color: #4d4948;
  font-weight: 700;
}

.emotion-3:hover {
  cursor: pointer;
}

<div
  className="emotion-5"
>
  <div
    className="emotion-2"
  >
    <button
      aria-label="Open Sidebar Menu"
      className="emotion-0"
      onClick={[Function]}
      type="button"
    >
      <svg
        aria-hidden={true}
        data-file-name="hamburger.svg"
        width={20}
      />
    </button>
    <div
      className="emotion-1"
    >
      <svg
        data-file-name="logo.svg"
        width={110}
      />
    </div>
  </div>
  <div
    className="emotion-4"
  >
    <button
      className="emotion-3"
      onBlur={[Function]}
      onClick={[Function]}
      type="button"
    >
      JD
    </button>
  </div>
</div>
`;
