// Jest Snapshot v1, https://goo.gl/fbAQLP

exports[`<ModelDataset /> should render properly with a datasetId 1`] = `
<DatasetConcepts
  actions={false}
  datasetId="4b0b10a8-cec1-155c-b12f-ee2bc8787e06"
  projectId="76917058-b147-4556-987a-0a0f11e46d9b"
/>
`;

exports[`<ModelDataset /> should render properly without a datasetId 1`] = `
.emotion-0 {
  color: #808080;
  max-width: 600px;
}

.emotion-1 {
  display: -webkit-box;
  display: -webkit-flex;
  display: -ms-flexbox;
  display: flex;
  padding-top: 16px;
  padding-bottom: 16px;
}

.emotion-1 button,
.emotion-1 a {
  margin-right: 16px;
}

.emotion-2 {
  -webkit-flex: 0;
  -ms-flex: 0;
  flex: 0;
  display: -webkit-box;
  display: -webkit-flex;
  display: -ms-flexbox;
  display: flex;
  -webkit-flex-direction: column;
  -ms-flex-direction: column;
  flex-direction: column;
  -webkit-align-items: center;
  -webkit-box-align: center;
  -ms-flex-align: center;
  align-items: center;
  -webkit-box-pack: center;
  -ms-flex-pack: center;
  -webkit-justify-content: center;
  justify-content: center;
  border-radius: 2px;
  padding: 12px 32px;
  white-space: nowrap;
  font-size: 15px;
  line-height: 19px;
  font-weight: 500;
  border: none;
  cursor: pointer;
  color: #ffffff;
  background-color: transparent;
}

.emotion-2,
.emotion-2:hover,
.emotion-2:visited,
.emotion-2 .noop {
  background-color: #3A5DFF;
}

.emotion-2:hover,
.emotion-2 .noop {
  -webkit-text-decoration: none;
  text-decoration: none;
  background-color: #6088FE;
}

.emotion-2[aria-disabled=true],
.emotion-2 .noop {
  color: #2e2e2e;
  background-color: #808080;
}

<div
  className="emotion-0"
>
  <i>
    Datasets are groups of labels added to assets that are used by the model for training. When using an uploaded, pre-trained model, only the testing labels in the dataset are used.
  </i>
  <div
    className="emotion-1"
  >
    <a
      className="emotion-2"
      href="/76917058-b147-4556-987a-0a0f11e46d9b/models/621bf775-89d9-1244-9596-d6df43f1ede5/link"
      onClick={[Function]}
      onMouseEnter={[Function]}
    >
      Link a Dataset to the Model
    </a>
  </div>
</div>
`;
