// Jest Snapshot v1, https://goo.gl/fbAQLP

exports[`<MetadataPrettyRow /> should render documents 1`] = `
.emotion-5 {
  display: -webkit-box;
  display: -webkit-flex;
  display: -ms-flexbox;
  display: flex;
}

.emotion-5:not(:first-of-type) {
  border-top: 1px solid #3b3b3b;
}

.emotion-5:hover {
  background-color: #027aff38;
}

.emotion-5:hover div {
  color: #ffffff;
}

.emotion-5:hover div svg {
  display: inline-block;
}

.emotion-0 {
  font-family: Roboto Condensed;
  color: #808080;
  padding: 16px;
  -webkit-flex: 1;
  -ms-flex: 1;
  flex: 1;
}

.emotion-1 {
  -webkit-flex: 4;
  -ms-flex: 4;
  flex: 4;
  font-family: Roboto Mono;
  color: #e0e0e0;
  padding: 16px;
  word-break: break-word;
}

.emotion-4 {
  width: 36px;
  padding-top: 16px;
  padding-right: 16px;
}

.emotion-3 {
  -webkit-flex: 0;
  -ms-flex: 0;
  flex: 0;
  display: -webkit-box;
  display: -webkit-flex;
  display: -ms-flexbox;
  display: flex;
  -webkit-flex-direction: column;
  -ms-flex-direction: column;
  flex-direction: column;
  -webkit-align-items: center;
  -webkit-box-align: center;
  -ms-flex-align: center;
  align-items: center;
  -webkit-box-pack: center;
  -webkit-justify-content: center;
  -ms-flex-pack: center;
  justify-content: center;
  border-radius: 2px;
  margin: 0;
  padding: 12px 32px;
  white-space: nowrap;
  font-size: 15px;
  line-height: 19px;
  font-weight: 500;
  border: none;
  cursor: pointer;
  color: #ffffff;
  background-color: transparent;
  padding: 0;
}

.emotion-3:hover {
  -webkit-text-decoration: none;
  text-decoration: none;
}

.emotion-3[aria-disabled=true] {
  color: #2e2e2e;
}

.emotion-2 {
  display: none;
}

.emotion-2:hover {
  color: #ffffff;
}

<div
  className="emotion-5"
>
  <div
    className="emotion-0"
  >
    <span
      title="media.content"
    >
      Content
    </span>
  </div>
  <div
    className="emotion-1"
    title=" Chapter 23 the little prince encounters a merchant \\"Good morning,\\" said the little prince. \\"Good morning,\\" said the merchant. This was a merchant who sold pills that had been invented to quench thirst. You need only swallow one pill a week, and you would feel no need of anything to drink. \\"Why are you selling those?\\" asked the little prince. \\"Because they save a tremendous amount of time,\\" said the merchant. \\"Computations have been made by experts. With these pills, you save fifty-three minutes in every week.\\" \\"And what do I do with those fifty-three minutes?\\" \\"Anything you like...\\" \\"As for me,\\" said the little prince to himself, \\"if I had fifty-three minutes to spend as I liked, I should walk at my leisure toward a spring of fresh water.\\" 68 "
  >
     Chapter 23 the little prince encounters a merchant "Good morning," said the little prince. "Good morning," said the merchant. This was a merchant who sold pills that had been invented to quench thirst. You need only swallow one pill a week, and you would feel no need of anything to drink. "Why are ...
  </div>
  <div
    className="emotion-4"
  >
    <button
      className="emotion-3"
      onClick={[Function]}
      title="Copy to Clipboard"
      type="button"
    >
      <svg
        className="emotion-2"
        color="#808080"
        data-file-name="copy.svg"
        width={20}
      />
    </button>
  </div>
</div>
`;

exports[`<MetadataPrettyRow /> should render image similarity 1`] = `
Array [
  .emotion-0 {
  padding: 16px;
  padding-bottom: 8px;
  font-family: Roboto Mono;
  color: #ffffff;
}

.emotion-0:not(:first-of-type) {
  border-top: 4px solid #3b3b3b;
}

<div
    className="emotion-0"
  >
    zvi-image-similarity
  </div>,
  .emotion-2 {
  -webkit-flex: 0;
  -ms-flex: 0;
  flex: 0;
  display: -webkit-box;
  display: -webkit-flex;
  display: -ms-flexbox;
  display: flex;
  -webkit-flex-direction: column;
  -ms-flex-direction: column;
  flex-direction: column;
  -webkit-align-items: center;
  -webkit-box-align: center;
  -ms-flex-align: center;
  align-items: center;
  -webkit-box-pack: center;
  -webkit-justify-content: center;
  -ms-flex-pack: center;
  justify-content: center;
  border-radius: 2px;
  margin: 0;
  padding: 12px 32px;
  white-space: nowrap;
  font-size: 15px;
  line-height: 19px;
  font-weight: 500;
  border: none;
  cursor: pointer;
  color: #ffffff;
  background-color: transparent;
  padding: 0;
}

.emotion-2:hover {
  -webkit-text-decoration: none;
  text-decoration: none;
}

.emotion-2[aria-disabled=true] {
  color: #2e2e2e;
}

.emotion-1 {
  display: none;
}

.emotion-1:hover {
  color: #ffffff;
}

.emotion-5 {
  padding: 16px;
  padding-top: 8px;
}

.emotion-5:hover {
  background-color: #027aff38;
}

.emotion-5:hover div svg {
  display: inline-block;
}

.emotion-3 {
  font-family: Roboto Mono;
  color: #ffffff;
  padding-bottom: 8px;
  display: -webkit-box;
  display: -webkit-flex;
  display: -ms-flexbox;
  display: flex;
}

.emotion-0 {
  min-height: 20px;
  width: 100%;
  font-family: Roboto Condensed;
  text-transform: uppercase;
  color: #808080;
}

.emotion-4 {
  overflow: hidden;
  text-overflow: ellipsis;
}

<div
    className="emotion-5"
  >
    <div
      className="emotion-3"
    >
      <div
        className="emotion-0"
      >
        simhash
      </div>
      <button
        className="emotion-2"
        onClick={[Function]}
        title="Copy to Clipboard"
        type="button"
      >
        <svg
          className="emotion-1"
          color="#808080"
          data-file-name="copy.svg"
          width={20}
        />
      </button>
    </div>
    <div
      className="emotion-4"
    >
      FBIJPPAIPBPPAPPPBDPLPICAHBDIDPPAAHPPFPBHIPBBLKBOHJJEPAPPBCABCDAPCPBHCCCCHIKEDPEFNPPPPGOPAHKBIAKPFEPFPGGJPPPCPPFPPPLFLBCAKOPNFPBFGPPFCMIBPJJMCGPDKPKDMPPOPODJDGMBDPPAFBJIPBPBCGEFHMBBBPCPIAEKMGPPPPPEBPIGEDAOHDPCPCPAMPALPJIDPGPGDPPHODHPPPPJAGPAPPPNKKPDPPDPPPJPPLPLPPFGBFPPPPMJPPGBHEPPAKPPPPPBLMMBMDPHJPDPPBCALMHOHPPPEPIIKIPMKPDJGEPHPPDPPIDBBCPPCPPIDJLPCPPDFFANJPPDCPFPMAPPPPPAPMKPPCFPABPBGBHPCFPPPAJPDBDNPPFMHMFMBLAPFHFOLJPJAPJKMDNHBPABEGIJPCPFEPJPIPPLPAPGILPEPPHFAGPPPMDFCAPPAPKNDKPPLGJEDNDHGLCPDIPJBPAKAFOPCKIIPEPFIFAPJPCLFJOPLAPPPHPIPCNCHHIPAPDNPALEPGDEGCFCEPLHPJJPENEPFDPGMAKABLOIPGMPCPJPABPPGPFDKJHAFGPPPDEAODPPPPPPJPBPBALIOCMPCLPPJFOPMCDGBCDPHFGDKPJPOAPPCPPCAMPJKOHEPGHCPOGOBHPADPKPEDPAPPAGNPNPKPAKGPCPDPPIKGPPHBKGKGOPICACPPFPPAADPEJIKBIEPPGPPJIGPHMLOGKAPPPLALJHNNPPGAPPAAOPPEBPKBAGBPEPCPEHPPPIPFPPEGJBKDPHPPIPMPBDAEBPJIGCPOOPKOLPFHDHOCAMLCNAPDNGMEHDPPPPAPPEPCCPIGBPPPAPAIPPPONPPPPPPAONICPOPMEBJPMPBEPCNAIECAEBPPPHHINPEABPPPEOEIAAEPPLPNPAPFIPBPPBGHPPCPJAPAPGAHPPLODAPPPBPCEAEPBDDGKGPDFLDPPCPHPPNDPEABPPPDEKAPPPPPPICADCPFFPPBEPDEPPNHMPOPMEGCNFBEFAIFPCFHPEFPPPNJBAEABKPCPJCPDFIPCPGCENMKJECELHPAPPJCNPAEHHBFAEPPAACIPBAPFBDNPAEEIPPAEMMBBPKBENKPFLPDBPPELJPBAICPPBEPNFDGPHDPJJPAHLDNBAPPPJPMLKBPNBPCKKJFLOMHIOJNPPPPPBBBBMPAAOOBPEOKGPCKKPAPFPDPPLPCICODPKBDGMPPPFBPKEBGIPDBACBPEPJPEDJPPEPPPDBPPIIOPFPCFKLDCPOOLLPCHPGLPHFPPKDPNPPPAJJPPPJDIPPFPBPHPKBEBIDDEFOPPPOHMFPBBPPPKPACPAOPEPPFJPNFBHPGDGADPEHBPKPHLEOADBJPPIIPPGBCABAPPGPIPDPNBPAGLKPFCEHIAIPPPPFJKBPCNIGGBPPPBBNPKDMIPLPHPIPLGCPFBPLMNLPIIPAIPELPGPHPPIPPJEPPAAMPMKPGPCBPAPPMPABAHBPFAODNOEKCOGPPGKDHBCPCJEPBIALBDJPPAEPAPGPCPPLADHBGPPLNGHAGPAEPPEHPOPDGPKAMGPPDGIBPFJBDPIBPJPPPCPDPKIFDHCDPGFPMGHPCBPIJMPFDCPLJBEPPPPDKLAJMPBAPIBPBGMICGCDGBNPOAAEJMKPPHPKPPAHMMPKKLPEHPPNKPEPDLPHBPCCPPPHPNPPJBDBCPFCPOCPPEPHNEPNEPKPAAPPPAFFPPAFBEPBHMDCDIPPPFPGEAFBPGGIKBLPFCPGHOJJPEOAMBACCCGAEEPPPPDPPBPPOICPLEEAPABPCPPKPPBPPENDPCHABIDMPPPPPPPIOOCFPPPBHCKEJNGEPEPPGODFPPDKFFNPBEPFIPPCEDOPBPDEOKDOLDDPHCAICAPLCPHPDPPIDHPPLPLJAPECPHCIPAPPHPPPBPCPDPCJIAHMPDFOJAPHPPOGABBPCNPKNPEFHCPPIPFPMPCAPPFALPBPHADPEPAKPECDCPOGPPEPGPOPKMPHPPG
    </div>
  </div>,
]
`;

exports[`<MetadataPrettyRow /> should render label detection predictions 1`] = `
Array [
  .emotion-10 {
  padding: 16px;
}

.emotion-10:not(:first-of-type) {
  border-top: 4px solid #3b3b3b;
}

.emotion-10:not(last-of-type) {
  padding-bottom: 8px;
}

.emotion-0 {
  font-family: Roboto Mono;
  color: #ffffff;
  padding-bottom: 16px;
}

.emotion-9 {
  font-family: Roboto Mono;
  color: #ffffff;
  width: 100%;
  border-spacing: 0;
}

.emotion-9 td {
  padding-right: 8px;
  padding-left: 0;
}

.emotion-1 {
  font-family: Roboto Condensed;
  text-transform: uppercase;
  color: #808080;
  width: 100%;
  padding-bottom: 16px;
  padding-left: 0;
}

.emotion-1:last-of-type {
  text-align: right;
  white-space: nowrap;
  padding-right: 0;
}

.emotion-2 {
  font-family: Roboto Condensed;
  text-transform: uppercase;
  color: #808080;
  padding-bottom: 16px;
  padding-left: 0;
}

.emotion-2:last-of-type {
  text-align: right;
  white-space: nowrap;
  padding-right: 0;
}

.emotion-5 {
  vertical-align: bottom;
}

.emotion-5 td {
  padding-top: 8px;
  padding-bottom: 8px;
  padding-right: 8px;
}

.emotion-5:first-of-type td {
  padding-top: 0;
}

.emotion-5:last-of-type td {
  padding-bottom: 0;
}

.emotion-5:not(:first-of-type) td {
  border-top: 1px solid #3b3b3b;
}

.emotion-3:last-of-type {
  text-align: right;
  padding-right: 0;
}

<div
    className="emotion-10"
  >
    <div
      className="emotion-0"
    >
      zvi-label-detection
    </div>
    <table
      className="emotion-9"
    >
      <thead>
        <tr>
          <td
            className="emotion-1"
          >
            label
          </td>
          <td
            className="emotion-2"
          >
            confidence score
          </td>
        </tr>
      </thead>
      <tbody>
        <tr
          className="emotion-5"
        >
          <td
            className="emotion-3"
          >
            tailed_frog
          </td>
          <td
            className="emotion-3"
          >
            0.96
          </td>
        </tr>
        <tr
          className="emotion-5"
        >
          <td
            className="emotion-3"
          >
            banana
          </td>
          <td
            className="emotion-3"
          >
            0.86
          </td>
        </tr>
      </tbody>
    </table>
  </div>,
  .emotion-2 {
  -webkit-flex: 0;
  -ms-flex: 0;
  flex: 0;
  display: -webkit-box;
  display: -webkit-flex;
  display: -ms-flexbox;
  display: flex;
  -webkit-flex-direction: column;
  -ms-flex-direction: column;
  flex-direction: column;
  -webkit-align-items: center;
  -webkit-box-align: center;
  -ms-flex-align: center;
  align-items: center;
  -webkit-box-pack: center;
  -webkit-justify-content: center;
  -ms-flex-pack: center;
  justify-content: center;
  border-radius: 2px;
  margin: 0;
  padding: 12px 32px;
  white-space: nowrap;
  font-size: 15px;
  line-height: 19px;
  font-weight: 500;
  border: none;
  cursor: pointer;
  color: #ffffff;
  background-color: transparent;
  padding: 0;
}

.emotion-2:hover {
  -webkit-text-decoration: none;
  text-decoration: none;
}

.emotion-2[aria-disabled=true] {
  color: #2e2e2e;
}

.emotion-1 {
  display: none;
}

.emotion-1:hover {
  color: #ffffff;
}

.emotion-6 {
  padding: 16px;
  padding-top: 0;
}

.emotion-6:hover {
  background-color: #027aff38;
}

.emotion-6:hover div svg {
  display: inline-block;
}

.emotion-3 {
  display: -webkit-box;
  display: -webkit-flex;
  display: -ms-flexbox;
  display: flex;
}

.emotion-0 {
  min-height: 20px;
  width: 100%;
  font-family: Roboto Condensed;
  text-transform: uppercase;
  color: #808080;
  border-top: 1px solid #3b3b3b;
  padding-top: 16px;
  padding-bottom: 8px;
}

.emotion-4 {
  display: inline-block;
  color: #191919;
  background-color: #b3b3b3;
  padding: 12px;
  padding-top: 4px;
  padding-bottom: 4px;
  margin-right: 8px;
  border-radius: 14px;
  font-family: Roboto Condensed;
}

<div
    className="emotion-6"
  >
    <div
      className="emotion-3"
    >
      <div
        className="emotion-0"
      >
        tags
      </div>
      <button
        className="emotion-2"
        onClick={[Function]}
        title="Copy to Clipboard"
        type="button"
      >
        <svg
          className="emotion-1"
          color="#808080"
          data-file-name="copy.svg"
          width={20}
        />
      </button>
    </div>
    <div>
      <span
        className="emotion-4"
      >
        frog
      </span>
      <span
        className="emotion-4"
      >
        banana
      </span>
    </div>
  </div>,
]
`;

exports[`<MetadataPrettyRow /> should render object detection predictions 1`] = `
.emotion-15 {
  padding: 16px;
}

.emotion-15:not(:first-of-type) {
  border-top: 4px solid #3b3b3b;
}

.emotion-0 {
  font-family: Roboto Mono;
  color: #ffffff;
  padding-bottom: 16px;
}

.emotion-14 {
  font-family: Roboto Mono;
  color: #ffffff;
  width: 100%;
  border-spacing: 0;
}

.emotion-14 td {
  padding-right: 8px;
}

.emotion-1 {
  font-family: Roboto Condensed;
  text-transform: uppercase;
  color: #808080;
  padding-bottom: 16px;
}

.emotion-1:last-of-type {
  text-align: right;
  white-space: nowrap;
  padding-right: 0;
}

.emotion-2 {
  font-family: Roboto Condensed;
  text-transform: uppercase;
  color: #808080;
  width: 100%;
  padding-bottom: 16px;
}

.emotion-2:last-of-type {
  text-align: right;
  white-space: nowrap;
  padding-right: 0;
}

.emotion-8 {
  vertical-align: bottom;
}

.emotion-8 td {
  padding-top: 8px;
  padding-bottom: 8px;
  padding-right: 8px;
}

.emotion-8:first-of-type td {
  padding-top: 0;
}

.emotion-8:last-of-type td {
  padding-bottom: 0;
}

.emotion-8:not(:first-of-type) td {
  border-top: 1px solid #3b3b3b;
}

.emotion-5 {
  display: -webkit-box;
  display: -webkit-flex;
  display: -ms-flexbox;
  display: flex;
}

.emotion-4 {
  max-height: 56px;
  width: 56px;
  object-fit: contain;
}

.emotion-6 {
  padding-right: 8px;
}

.emotion-6:last-of-type {
  text-align: right;
  padding-right: 0;
}

<div
  className="emotion-15"
>
  <div
    className="emotion-0"
  >
    zvi-object-detection
  </div>
  <table
    className="emotion-14"
  >
    <thead>
      <tr>
        <td
          className="emotion-1"
        >
          bbox
        </td>
        <td
          className="emotion-2"
        >
          label
        </td>
        <td
          className="emotion-1"
        >
          confidence score
        </td>
      </tr>
    </thead>
    <tbody>
      <tr
        className="emotion-8"
      >
        <td
          className="emotion-5"
        >
          <img
            alt={
              Array [
                0.223,
                0.253,
                0.901,
                0.921,
              ]
            }
            className="emotion-4"
            src="data:image/png;base64, iVBORw0KGgoAAAANSUhEUgAAADgAAAAjCAIAAABO9V4RAAASLElEQVRYCR3BaZSdZX0A8P/yPM+73XXm3rl3lqyTTBIgBBCQRSxFQEhSgwSp1CpWK9bTnqr11OVDPZ5+sB9a9bSltS1aqaK1Ry2naqFqi1WgRlAQEpYx+zozmeXO3d77vu+zFf398OD91yIBM3lvAIAYfsVrAAsAJCQAFHiBuYtYgB8DXyVOCJk5QGAgCwiEAn7NOXTOgiPvpdPCudA6C94BAAGCddZbxD74QrIHQIPGYAGAAEbbwmPFWOe8I0Rjc+sYfqXsnMd77r/WQwZYKJAegNgSCRTeE3mnmbz3GqkDAJbJIYJn8g0kwawIGEkjOkLhvIPXoHNOeYfWoLWSjfTowXt4DdlMD6SB3A6k8kJFEtcj7DWa7cBP/uZN9b959Ad5bo2rOR97BGMy7R0ggJUAiPfcf62HDLCQEAA4YkskAjkqTM8ZGwSWS5HOEAA0WUsOPYILmQOmEEEyDz05Acp4AwAeDLgYXGiMtFawcR7Bew8ACAZ1VKks5dnZjS1/9a6tG6eXp9sbwtpe5jGnn/7BDw996YnMurJx0oE1JtPgADxYBYB4131bWQj0qBJrhqMgqQyzJUryD9+9o1Ff17l5+DvLqwMQwbgulhw475ixiSIQWEEUjlMkR8jkCwAoKI2LZm7TQd5C9BFlg3RB8Rj5JhFHAb/pql9ed60nkchgV6LGECTHc8SqGBw5u/T1P/9nKCB3bJEiALCY5wYinB4Mc3zrfZtIKABiaa05Wa3tLNzK1Vvy394fx5GzJu33t33+m68OYXs6OOX9wDoEaDEFghlREGtAYBTIGQAYkwW8cbj+0tzs5pPnZ7M+VOGpxhisppOLC8m2zfzAey5KXldyOwJ410XHYXIpqy39zg9eXFh+dqUHSqHgQvcAwHprHLCIvQvxwNvbQpIE8/EH3kT6cC9vfOah492Fc1/5p63NBmpdudhZjSU89UL+f8+v9k2cWwCTKMlAQyLJwitG72PkNfKmGlav3ZNftX3jaDD6zBe3zozDfXsX4vhMN3OFazB3yuXQ5oUpTD6IOiuLUpVbM2Oq0i4s/PW3D3d1dbyVj2301hiHToPxVhQwIGLcf281DFwoSx955/v+/RtHvvv8CzfvWP3g+9rl6oCD8bQYfe7vaq0NC3tvKFWro4H2ixcKS7u+80SQ+h6jzLNTLOthYH/rN/q7NhsBBVIvwsZTP5OP/s/Gt77BXH7psyLcnKYdbQ1AF5mYq4gKeMi+/dgTxcLqpsKsb2h2b7pp9uFvNYediw98YPij3ijXXeNOA4BD7wHwrrdPqhAqYfGx914C6i0jTeO1hVHvoflXN4axnhlf+vTfmoGtV1Tdw8lPfWRnvbz4w0P+Rz+7Pi36RFJhIbn79v3Z1MQxpApzqgdj//Kd7OSxWqVZe//+0xObm9adG3a7xoTapwiSUIlAlEryc19s9tKKsMc+/P52pSw6qf/Lh6aZ3LZN0fQVh874zEIHABwgAODdvzuj9crs9J4Pv7s2MXFrmjmtX3jhhTOf/8KpWrPxiQ9+sFp55OF/OX1+ReWD7jU79cEDgXZweqmWlCYG3aVWe8hUALA3eZKwVO1vfOvkqyc3OGwUyBPJ4u/fg1Kt6bzIXVUFRRAa5Ihpc1Gc//o3u7e+YatKVgu9NjG2FeK5v/jbi/2Be91lG3a//pfPDl/IXdc5sE547/HAfVPOrUipP3Tv7XuuvDlMptPBo9/49pNX3fDpS3bueOTLX7/xqp9XVRrISAVnwLtSZe6Hj50/dLSSFUtvuWPXzi3nBYwISsaueBhpK5JwatBfzrON68ttFw2GnWPNWuXRJ8S5TpJ40W5373kLO1z79vdB53z/u/YU2RnALeiHYdh87vmTs3OXMy3+YuHIq9B1rm/8iLjivcED9zWYQmRSsPqJB67aOruX5MUnf/LkX/xTIfrpjl3jf/qBre3WjMBwZeE/k9gHioSY+srXjh45M25MqKKLqMNdU8XcjvUd23JrM2QgMe1cUqnNeogQpx56+NALr6yVKi3UOg+G99x2yWPfe1pVrx6sLX3qo3PWLik1iZSmq4fjStUFIhvGDz71o8amkSXp/br14Dzg/t8uCUyQHGCs5PIn37978+b9qS39z49/OjXR/tpXH/34h3ZP1Sq6mKU4E5KKwVMqHBdQvbgkvvK1Hw3yyYwaDlZD3PKug2cmp4yFACyRtzKooa90Ll74x6/ZzDdy3VW89I4D9R88vXJ6fWcsbMzRH70nCsIgN4unXnxmei7icCtw6cX5499fWt6wKc0MeL9mPXr0uO8eRAqZgziI4ko9X5n/5J/sb0++FYRJ84toXoy4/vijp1893p3dNXXPLSKorK+t5tX6Nu2cEIFQxbkzx0+dnKnExYap+TDOja+il9ZhNjxcqe7J9Saf8blFO8wWZ2aWK2OUm/aXvrSWmgTy4hMffaOxzz//vxf2XM0u3gBBe9h/+WOfe3LPb9VJdEWgrB8gsHMW9x4EJEBKpGKCmKnfpvAP3/eOjdtvDfikyY5l6z/9q8+vOzHtqXX7NXjjtWXjuizHHZFDCSQlj/LemUG2JeETkB9Lde2/f7p07kRx/7vfQjivgqm1Nf1v/zp/99v6zeZGETSCoOwsZWldkGNeOP7842fWX2cov/6GK6R4+ej59Mu/eHHPnsRT39ihB7Cu7GGEew8CEiBFTBlxIqg9ogUc6n/+9D/UG6HPDvvR4YcefulU9zKJ8QfuFpNThQFyvo6qhG4Z81Wdv/K/h+DQT06994HtUanxD19WSqotk5WD975x2Dv07KHvRuWdu3e1VaiJW8aOCBsslCA56J48+uL/iWjPVx9bzDDmvP/H7y0+/vBL1+9vhUkmpEXwCCNjIw857j1IRBGS8m7IXCe5JoRWQWMs1B9853WbN2xDR92lx3/2jJiaaWyfWqdkzlPdOEt2fm357Oqim9w853gBRRu4guS/+Y1X7tx768RYSYbN0eAnHAkVvRHdks8hK4ZCAMkqUmrSn7341M837Nrw4JfWrdqR2rEkdFfOnZ2Xa7XGgpCFZBYcIxc6L4Igxr0HiShCUt4Nmesk16TQIqw4H2ydGH/nvmRTS7lCmNEvhNridceZRAZXAliE8zk0SIW6WGKURl8UkoaD+SieDcIrCFcJis7aserUZpXcB1z12brXKfhVsGfPHf9JKMpBpaT9RVW6PM+n/vXb/3n01FhWOb7p8oLDPAy0YBBSstAl1+51VnDvQSKKkALvBsw1YqtUASqXwoDgCo/t2CBv3s1TTaOCiArudCthvLNeb3lYMSZL0wuRWkO0eTroLAdBZSGu34JyRuhXR2vLJ0+f2PH62XLtPhfegE7nnfn+4n+MBvNRnAOuV5q3erk9KDWHve/1u0cffCRtXesoGHGASjFhhWiINGJkm3vce5CIIqTAuwFzjciLoKCgr9gjYz6KJ8ZmbKab8tTvv3VTEjY++/cZR6137B/btLUPODL5+qiXHnry6Na5dqWhgmpDRpeBt6P1xxeOy7DSPHL41J333ibDa7yH557491/+4sjOS6O5a8aS6mbnIueNzs5ZOv/SheqJfOio77gANkwSuebdgGkkRM3bIe49SEQRkvJuwKJMKESQs+oLAURSqCTLh0EoSjyutH/HdcH0dCkIp0WowTyfDYpur0mKrDJKJuVSj8NbiCZ08czyiWUZa+vWvvut7rBfm5qNXzpy6tLLb7r+xt7MxirKjc6tIunlzpGjp5Z0abqLQy+RZOGRjc2d9wiBBU1ovW8gZbjvbkKOkJRzHQBQckIEOckes2S2CLEHkNQHAKdlxcykp5Yuu7olyfVzc64TDYf9k8dXwnLt9XPj73n3VeOtDd4+2et2PvvgRV8yCdYhrB/5+dGaFFNzE+3J61u1+X17d+fu9GrnwvzKK1BqeBwZynMrtBtZkB4cgGeKAYxxmqhp7SqCxX13E3KEpJzrAICSEyLISfaYJbMBSACAoQ8A2pQCoMOLEQIG2q4PbL0adHuLs5uSRn06Xx5ds/PG++/lPP3x+z+ZTlxandqWlREua+84+9LiicVkMcc6lT70BzsWB9+7ODqvQ8UcjIqBIVsYtpgD171H7zWCNXYkuEGwStwUPF6YNbzzLkAG5Bh8Ch6l8ioAUkBUIhKEGjFmFbE6f/VNsVL21Vf90qpgshPjSa2MURx5KA4/VgVMrt+29W37nnv2Of7CUwv73rZ1tXP8N9q1VlWJZObHP74w3rrk2OpKqXVCJctATBwWtq+9dyQctgu9RpBbBKEmdLGI6IlK7JxSm5GFNUfwzrsAGZEj8CkASAEqBFJAVCIShAYxEqXV2/buCcJVRK/zUWFFodH6dDQyw2G2Pt8ozr+uNSHedU8Y6uN/9tDJ2Vsr09Hajon6RNwAYdFfWFgZzHfZxFIwsRx5Cjx0Pda1tZlJLQShjI3rAClrB4hEFKOPCFLEwHtHWMU7DiD8GktBXAJIlcplWEYwUpCVM0H51K13lMpJyVqjjTN2MMiszmNTJL1hv/NifuVURQQzd955APXjzzz9wml9yfd/ePTKHbv23V56+eShsOxUnIyCUe5i4D7QSBsHAA6BRVQYB+AAba4dIRExoAWAUExZ20eMADxRyUOMdxxA+BXPUhFVAFMlUxmOEWbEQdLKbrlVqRiLYpQXcZb3ioIyw2SlRT9pzDWb2q2KU9HGkZa95aNBfPmDD5/PaGH77smgcp5DQ6FBtg68Q+PBWvSeJIJHdEyhtSNCQIgdCm172iSCKoIzJWJr1y1ECK/pIwq84wDBazyyYqISYiplpoIaUk5BdtfvzEqV9rJ0lA3TzDJNEFfyrNu76H/vuquFeIahEcWbwmiL0fET//VIFBWj8paCVwbFiGKp5RAJtesBgJAllDWjvfNrAJ5AC64btywoRgyNS4WQTNOj7KxzwzhsWdOzEAAaZ1NAj7fvl0TMHDlcJw4RR1KC9xiPl/ceaMrorLaNXJvBcG0ctzGenz/RPvbK+A3bbnjTG19aXnq6P8RStULB1MimmV5ITabJaxKaRhqcCjySZ0LnA+u1JwtAApvg0cAykwBQzgw8eYUMFFmrg0BlxQAJAcAaQnRKtbRew9v3SyJmjhyuE0eIqZQgq2NXXjdqTXshmpleJVAmTa9ISq3Jdz/y9ZXzCy83ptcu3X5jNJ7pURooDMTq+vBoH8mrHqhJjYtMDrxzUhNBgFA4QBIAAsFLMh7AWET0xAmC9y6TXPagpSxrPRKCrGMAMH7FmtA5Qwx485tZsEMEJC8FalMpjcPk3HDPVXUZKAe59z3n5NrK9P658vwv3cvnL/R9f6w6WxaVUhh47IBIQa523cApidwXEoE8IyAicxmwRLDsnBEceMwAwDl4DVHdQ49AEQGSc14EYtrDhCBCXM+ys4hkvSceFgUbm+LNb2YhHAIgeSlQlaZKM6tXvl5EYYg+ZJ40RVnp2W5xolScFkG/P2r1R4tad6tJHCYlS0PDPaOEA80SJRshgOk1jgAZhacSYo8xtn4A3gNG3jqP3lrLggQFAAnjFHND0AxiQhQiuCCgPO8bt+p8FzHNijN4820xyYzJlaKpolievHRsw+58bUV1F9WWDUmhW1MTV0w2Zl86/lWPZxH6HoYCVRQ1C1qSoSyEcWzASRVUJGniTMgAvUWfJ6pl3TkHEXiUomZdB8ALMeUxctZZl1nbScJxbSKEciAuC1RbcuIcCI4LUyRh3dpOYQaF6xg/wFveLJJSFEd1y256W1TedE669ivz9r+e7LRCt3s7VytBWCs8QBCAEBZJcDnl2AqBLJDYMhFgiGAF50oEUkTarQvAarjduHPWpgZAUKxkY5SdYw6YQg9obe59RYqKoCZBhXha0UwQ1BkVU8AUoZWBUkJgWqxluo+37VXjjYlyudbYnLW3rU3VL3nl8ImfHrZnL1ysSa5wEgYJcuj9wqjIkoTCWJU3YnPz5iDqalxQApgAPHoEQghkIGVAGDizzMBJPD3KT+fGCQZEKiUz/d5FgKBa2uN8HX3V+QuITNgmVESRoEYcTBAGAVbKpYaiqrEFkXO2wDv3lcuNydlLiy27ikSu9Yb29HE4/BwL60A7qeoAQDyEXyH0IUo1sovNTbWtl8hwvPCSdbGmAjKWAVAJn4Rj6Ne9H1kvnKNAFegaHtaRLRExTYOdYZwUckpwaPQQUbCI0Csk5z3EapPRRb3UDEVTUckjKxkoFv8PMjdb9MZ9D9AAAAAASUVORK5CYII="
            title={
              Array [
                0.223,
                0.253,
                0.901,
                0.921,
              ]
            }
          />
        </td>
        <td
          className="emotion-6"
        >
          banana
        </td>
        <td
          className="emotion-6"
        >
          0.824
        </td>
      </tr>
      <tr
        className="emotion-8"
      >
        <td
          className="emotion-5"
        >
          <img
            alt={
              Array [
                0.223,
                0.253,
                0.901,
                0.921,
              ]
            }
            className="emotion-4"
            src="data:image/png;base64, iVBORw0KGgoAAAANSUhEUgAAADgAAAAjCAIAAABO9V4RAAASLElEQVRYCR3BaZSdZX0A8P/yPM+73XXm3rl3lqyTTBIgBBCQRSxFQEhSgwSp1CpWK9bTnqr11OVDPZ5+sB9a9bSltS1aqaK1Ry2naqFqi1WgRlAQEpYx+zozmeXO3d77vu+zFf398OD91yIBM3lvAIAYfsVrAAsAJCQAFHiBuYtYgB8DXyVOCJk5QGAgCwiEAn7NOXTOgiPvpdPCudA6C94BAAGCddZbxD74QrIHQIPGYAGAAEbbwmPFWOe8I0Rjc+sYfqXsnMd77r/WQwZYKJAegNgSCRTeE3mnmbz3GqkDAJbJIYJn8g0kwawIGEkjOkLhvIPXoHNOeYfWoLWSjfTowXt4DdlMD6SB3A6k8kJFEtcj7DWa7cBP/uZN9b959Ad5bo2rOR97BGMy7R0ggJUAiPfcf62HDLCQEAA4YkskAjkqTM8ZGwSWS5HOEAA0WUsOPYILmQOmEEEyDz05Acp4AwAeDLgYXGiMtFawcR7Bew8ACAZ1VKks5dnZjS1/9a6tG6eXp9sbwtpe5jGnn/7BDw996YnMurJx0oE1JtPgADxYBYB4131bWQj0qBJrhqMgqQyzJUryD9+9o1Ff17l5+DvLqwMQwbgulhw475ixiSIQWEEUjlMkR8jkCwAoKI2LZm7TQd5C9BFlg3RB8Rj5JhFHAb/pql9ed60nkchgV6LGECTHc8SqGBw5u/T1P/9nKCB3bJEiALCY5wYinB4Mc3zrfZtIKABiaa05Wa3tLNzK1Vvy394fx5GzJu33t33+m68OYXs6OOX9wDoEaDEFghlREGtAYBTIGQAYkwW8cbj+0tzs5pPnZ7M+VOGpxhisppOLC8m2zfzAey5KXldyOwJ410XHYXIpqy39zg9eXFh+dqUHSqHgQvcAwHprHLCIvQvxwNvbQpIE8/EH3kT6cC9vfOah492Fc1/5p63NBmpdudhZjSU89UL+f8+v9k2cWwCTKMlAQyLJwitG72PkNfKmGlav3ZNftX3jaDD6zBe3zozDfXsX4vhMN3OFazB3yuXQ5oUpTD6IOiuLUpVbM2Oq0i4s/PW3D3d1dbyVj2301hiHToPxVhQwIGLcf281DFwoSx955/v+/RtHvvv8CzfvWP3g+9rl6oCD8bQYfe7vaq0NC3tvKFWro4H2ixcKS7u+80SQ+h6jzLNTLOthYH/rN/q7NhsBBVIvwsZTP5OP/s/Gt77BXH7psyLcnKYdbQ1AF5mYq4gKeMi+/dgTxcLqpsKsb2h2b7pp9uFvNYediw98YPij3ijXXeNOA4BD7wHwrrdPqhAqYfGx914C6i0jTeO1hVHvoflXN4axnhlf+vTfmoGtV1Tdw8lPfWRnvbz4w0P+Rz+7Pi36RFJhIbn79v3Z1MQxpApzqgdj//Kd7OSxWqVZe//+0xObm9adG3a7xoTapwiSUIlAlEryc19s9tKKsMc+/P52pSw6qf/Lh6aZ3LZN0fQVh874zEIHABwgAODdvzuj9crs9J4Pv7s2MXFrmjmtX3jhhTOf/8KpWrPxiQ9+sFp55OF/OX1+ReWD7jU79cEDgXZweqmWlCYG3aVWe8hUALA3eZKwVO1vfOvkqyc3OGwUyBPJ4u/fg1Kt6bzIXVUFRRAa5Ihpc1Gc//o3u7e+YatKVgu9NjG2FeK5v/jbi/2Be91lG3a//pfPDl/IXdc5sE547/HAfVPOrUipP3Tv7XuuvDlMptPBo9/49pNX3fDpS3bueOTLX7/xqp9XVRrISAVnwLtSZe6Hj50/dLSSFUtvuWPXzi3nBYwISsaueBhpK5JwatBfzrON68ttFw2GnWPNWuXRJ8S5TpJ40W5373kLO1z79vdB53z/u/YU2RnALeiHYdh87vmTs3OXMy3+YuHIq9B1rm/8iLjivcED9zWYQmRSsPqJB67aOruX5MUnf/LkX/xTIfrpjl3jf/qBre3WjMBwZeE/k9gHioSY+srXjh45M25MqKKLqMNdU8XcjvUd23JrM2QgMe1cUqnNeogQpx56+NALr6yVKi3UOg+G99x2yWPfe1pVrx6sLX3qo3PWLik1iZSmq4fjStUFIhvGDz71o8amkSXp/br14Dzg/t8uCUyQHGCs5PIn37978+b9qS39z49/OjXR/tpXH/34h3ZP1Sq6mKU4E5KKwVMqHBdQvbgkvvK1Hw3yyYwaDlZD3PKug2cmp4yFACyRtzKooa90Ll74x6/ZzDdy3VW89I4D9R88vXJ6fWcsbMzRH70nCsIgN4unXnxmei7icCtw6cX5499fWt6wKc0MeL9mPXr0uO8eRAqZgziI4ko9X5n/5J/sb0++FYRJ84toXoy4/vijp1893p3dNXXPLSKorK+t5tX6Nu2cEIFQxbkzx0+dnKnExYap+TDOja+il9ZhNjxcqe7J9Saf8blFO8wWZ2aWK2OUm/aXvrSWmgTy4hMffaOxzz//vxf2XM0u3gBBe9h/+WOfe3LPb9VJdEWgrB8gsHMW9x4EJEBKpGKCmKnfpvAP3/eOjdtvDfikyY5l6z/9q8+vOzHtqXX7NXjjtWXjuizHHZFDCSQlj/LemUG2JeETkB9Lde2/f7p07kRx/7vfQjivgqm1Nf1v/zp/99v6zeZGETSCoOwsZWldkGNeOP7842fWX2cov/6GK6R4+ej59Mu/eHHPnsRT39ihB7Cu7GGEew8CEiBFTBlxIqg9ogUc6n/+9D/UG6HPDvvR4YcefulU9zKJ8QfuFpNThQFyvo6qhG4Z81Wdv/K/h+DQT06994HtUanxD19WSqotk5WD975x2Dv07KHvRuWdu3e1VaiJW8aOCBsslCA56J48+uL/iWjPVx9bzDDmvP/H7y0+/vBL1+9vhUkmpEXwCCNjIw857j1IRBGS8m7IXCe5JoRWQWMs1B9853WbN2xDR92lx3/2jJiaaWyfWqdkzlPdOEt2fm357Oqim9w853gBRRu4guS/+Y1X7tx768RYSYbN0eAnHAkVvRHdks8hK4ZCAMkqUmrSn7341M837Nrw4JfWrdqR2rEkdFfOnZ2Xa7XGgpCFZBYcIxc6L4Igxr0HiShCUt4Nmesk16TQIqw4H2ydGH/nvmRTS7lCmNEvhNridceZRAZXAliE8zk0SIW6WGKURl8UkoaD+SieDcIrCFcJis7aserUZpXcB1z12brXKfhVsGfPHf9JKMpBpaT9RVW6PM+n/vXb/3n01FhWOb7p8oLDPAy0YBBSstAl1+51VnDvQSKKkALvBsw1YqtUASqXwoDgCo/t2CBv3s1TTaOCiArudCthvLNeb3lYMSZL0wuRWkO0eTroLAdBZSGu34JyRuhXR2vLJ0+f2PH62XLtPhfegE7nnfn+4n+MBvNRnAOuV5q3erk9KDWHve/1u0cffCRtXesoGHGASjFhhWiINGJkm3vce5CIIqTAuwFzjciLoKCgr9gjYz6KJ8ZmbKab8tTvv3VTEjY++/cZR6137B/btLUPODL5+qiXHnry6Na5dqWhgmpDRpeBt6P1xxeOy7DSPHL41J333ibDa7yH557491/+4sjOS6O5a8aS6mbnIueNzs5ZOv/SheqJfOio77gANkwSuebdgGkkRM3bIe49SEQRkvJuwKJMKESQs+oLAURSqCTLh0EoSjyutH/HdcH0dCkIp0WowTyfDYpur0mKrDJKJuVSj8NbiCZ08czyiWUZa+vWvvut7rBfm5qNXzpy6tLLb7r+xt7MxirKjc6tIunlzpGjp5Z0abqLQy+RZOGRjc2d9wiBBU1ovW8gZbjvbkKOkJRzHQBQckIEOckes2S2CLEHkNQHAKdlxcykp5Yuu7olyfVzc64TDYf9k8dXwnLt9XPj73n3VeOtDd4+2et2PvvgRV8yCdYhrB/5+dGaFFNzE+3J61u1+X17d+fu9GrnwvzKK1BqeBwZynMrtBtZkB4cgGeKAYxxmqhp7SqCxX13E3KEpJzrAICSEyLISfaYJbMBSACAoQ8A2pQCoMOLEQIG2q4PbL0adHuLs5uSRn06Xx5ds/PG++/lPP3x+z+ZTlxandqWlREua+84+9LiicVkMcc6lT70BzsWB9+7ODqvQ8UcjIqBIVsYtpgD171H7zWCNXYkuEGwStwUPF6YNbzzLkAG5Bh8Ch6l8ioAUkBUIhKEGjFmFbE6f/VNsVL21Vf90qpgshPjSa2MURx5KA4/VgVMrt+29W37nnv2Of7CUwv73rZ1tXP8N9q1VlWJZObHP74w3rrk2OpKqXVCJctATBwWtq+9dyQctgu9RpBbBKEmdLGI6IlK7JxSm5GFNUfwzrsAGZEj8CkASAEqBFJAVCIShAYxEqXV2/buCcJVRK/zUWFFodH6dDQyw2G2Pt8ozr+uNSHedU8Y6uN/9tDJ2Vsr09Hajon6RNwAYdFfWFgZzHfZxFIwsRx5Cjx0Pda1tZlJLQShjI3rAClrB4hEFKOPCFLEwHtHWMU7DiD8GktBXAJIlcplWEYwUpCVM0H51K13lMpJyVqjjTN2MMiszmNTJL1hv/NifuVURQQzd955APXjzzz9wml9yfd/ePTKHbv23V56+eShsOxUnIyCUe5i4D7QSBsHAA6BRVQYB+AAba4dIRExoAWAUExZ20eMADxRyUOMdxxA+BXPUhFVAFMlUxmOEWbEQdLKbrlVqRiLYpQXcZb3ioIyw2SlRT9pzDWb2q2KU9HGkZa95aNBfPmDD5/PaGH77smgcp5DQ6FBtg68Q+PBWvSeJIJHdEyhtSNCQIgdCm172iSCKoIzJWJr1y1ECK/pIwq84wDBazyyYqISYiplpoIaUk5BdtfvzEqV9rJ0lA3TzDJNEFfyrNu76H/vuquFeIahEcWbwmiL0fET//VIFBWj8paCVwbFiGKp5RAJtesBgJAllDWjvfNrAJ5AC64btywoRgyNS4WQTNOj7KxzwzhsWdOzEAAaZ1NAj7fvl0TMHDlcJw4RR1KC9xiPl/ceaMrorLaNXJvBcG0ctzGenz/RPvbK+A3bbnjTG19aXnq6P8RStULB1MimmV5ITabJaxKaRhqcCjySZ0LnA+u1JwtAApvg0cAykwBQzgw8eYUMFFmrg0BlxQAJAcAaQnRKtbRew9v3SyJmjhyuE0eIqZQgq2NXXjdqTXshmpleJVAmTa9ISq3Jdz/y9ZXzCy83ptcu3X5jNJ7pURooDMTq+vBoH8mrHqhJjYtMDrxzUhNBgFA4QBIAAsFLMh7AWET0xAmC9y6TXPagpSxrPRKCrGMAMH7FmtA5Qwx485tZsEMEJC8FalMpjcPk3HDPVXUZKAe59z3n5NrK9P658vwv3cvnL/R9f6w6WxaVUhh47IBIQa523cApidwXEoE8IyAicxmwRLDsnBEceMwAwDl4DVHdQ49AEQGSc14EYtrDhCBCXM+ys4hkvSceFgUbm+LNb2YhHAIgeSlQlaZKM6tXvl5EYYg+ZJ40RVnp2W5xolScFkG/P2r1R4tad6tJHCYlS0PDPaOEA80SJRshgOk1jgAZhacSYo8xtn4A3gNG3jqP3lrLggQFAAnjFHND0AxiQhQiuCCgPO8bt+p8FzHNijN4820xyYzJlaKpolievHRsw+58bUV1F9WWDUmhW1MTV0w2Zl86/lWPZxH6HoYCVRQ1C1qSoSyEcWzASRVUJGniTMgAvUWfJ6pl3TkHEXiUomZdB8ALMeUxctZZl1nbScJxbSKEciAuC1RbcuIcCI4LUyRh3dpOYQaF6xg/wFveLJJSFEd1y256W1TedE669ivz9r+e7LRCt3s7VytBWCs8QBCAEBZJcDnl2AqBLJDYMhFgiGAF50oEUkTarQvAarjduHPWpgZAUKxkY5SdYw6YQg9obe59RYqKoCZBhXha0UwQ1BkVU8AUoZWBUkJgWqxluo+37VXjjYlyudbYnLW3rU3VL3nl8ImfHrZnL1ysSa5wEgYJcuj9wqjIkoTCWJU3YnPz5iDqalxQApgAPHoEQghkIGVAGDizzMBJPD3KT+fGCQZEKiUz/d5FgKBa2uN8HX3V+QuITNgmVESRoEYcTBAGAVbKpYaiqrEFkXO2wDv3lcuNydlLiy27ikSu9Yb29HE4/BwL60A7qeoAQDyEXyH0IUo1sovNTbWtl8hwvPCSdbGmAjKWAVAJn4Rj6Ne9H1kvnKNAFegaHtaRLRExTYOdYZwUckpwaPQQUbCI0Csk5z3EapPRRb3UDEVTUckjKxkoFv8PMjdb9MZ9D9AAAAAASUVORK5CYII="
            title={
              Array [
                0.223,
                0.253,
                0.901,
                0.921,
              ]
            }
          />
        </td>
        <td
          className="emotion-6"
        >
          frog
        </td>
        <td
          className="emotion-6"
        >
          0.924
        </td>
      </tr>
    </tbody>
  </table>
</div>
`;

exports[`<MetadataPrettyRow /> should render text detection with no results 1`] = `
Array [
  .emotion-0 {
  padding: 16px;
  padding-bottom: 8px;
  font-family: Roboto Mono;
  color: #ffffff;
}

.emotion-0:not(:first-of-type) {
  border-top: 4px solid #3b3b3b;
}

<div
    className="emotion-0"
  >
    zvi-text-detection
  </div>,
  .emotion-1 {
  padding: 16px;
  padding-top: 8px;
}

.emotion-0 {
  word-break: break-word;
  color: #b3b3b3;
  font-style: italic;
}

<div
    className="emotion-1"
  >
    
    <div
      className="emotion-0"
    >
      No Results
    </div>
  </div>,
]
`;

exports[`<MetadataPrettyRow /> should render text detection with results 1`] = `
Array [
  .emotion-0 {
  padding: 16px;
  padding-bottom: 8px;
  font-family: Roboto Mono;
  color: #ffffff;
}

.emotion-0:not(:first-of-type) {
  border-top: 4px solid #3b3b3b;
}

<div
    className="emotion-0"
  >
    zvi-text-detection
  </div>,
  .emotion-2 {
  -webkit-flex: 0;
  -ms-flex: 0;
  flex: 0;
  display: -webkit-box;
  display: -webkit-flex;
  display: -ms-flexbox;
  display: flex;
  -webkit-flex-direction: column;
  -ms-flex-direction: column;
  flex-direction: column;
  -webkit-align-items: center;
  -webkit-box-align: center;
  -ms-flex-align: center;
  align-items: center;
  -webkit-box-pack: center;
  -webkit-justify-content: center;
  -ms-flex-pack: center;
  justify-content: center;
  border-radius: 2px;
  margin: 0;
  padding: 12px 32px;
  white-space: nowrap;
  font-size: 15px;
  line-height: 19px;
  font-weight: 500;
  border: none;
  cursor: pointer;
  color: #ffffff;
  background-color: transparent;
  padding: 0;
}

.emotion-2:hover {
  -webkit-text-decoration: none;
  text-decoration: none;
}

.emotion-2[aria-disabled=true] {
  color: #2e2e2e;
}

.emotion-1 {
  display: none;
}

.emotion-1:hover {
  color: #ffffff;
}

.emotion-5 {
  padding: 16px;
  padding-top: 8px;
}

.emotion-5:hover {
  background-color: #027aff38;
}

.emotion-5:hover div svg {
  display: inline-block;
}

.emotion-3 {
  font-family: Roboto Mono;
  color: #ffffff;
  padding-bottom: 8px;
  display: -webkit-box;
  display: -webkit-flex;
  display: -ms-flexbox;
  display: flex;
}

.emotion-0 {
  min-height: 20px;
  width: 100%;
  font-family: Roboto Condensed;
  text-transform: uppercase;
  color: #808080;
}

.emotion-4 {
  word-break: break-word;
  color: #b3b3b3;
}

<div
    className="emotion-5"
  >
    <div
      className="emotion-3"
    >
      <div
        className="emotion-0"
      >
        content
      </div>
      <button
        className="emotion-2"
        onClick={[Function]}
        title="Copy to Clipboard"
        type="button"
      >
        <svg
          className="emotion-1"
          color="#808080"
          data-file-name="copy.svg"
          width={20}
        />
      </button>
    </div>
    <div
      className="emotion-4"
    >
      Some results
    </div>
  </div>,
]
`;

exports[`<MetadataPrettyRow /> should render when value is of type object 1`] = `
Array [
  .emotion-1 {
  border-top: 1px solid #3b3b3b;
}

.emotion-1:hover div svg {
  display: inline-block;
}

.emotion-0 {
  font-family: Roboto Condensed;
  color: #808080;
  padding: 16px;
  padding-bottom: 0;
  -webkit-flex: 1;
  -ms-flex: 1;
  flex: 1;
}

<div
    className="emotion-1"
  >
    <div
      className="emotion-0"
    >
      <span
        title="analysis.files"
      >
        Files
      </span>
    </div>
    <div />
  </div>,
  .emotion-5 {
  display: -webkit-box;
  display: -webkit-flex;
  display: -ms-flexbox;
  display: flex;
}

.emotion-5:not(:first-of-type) {
  border-top: 1px solid #3b3b3b;
}

.emotion-5:hover {
  background-color: #027aff38;
}

.emotion-5:hover div {
  color: #ffffff;
}

.emotion-5:hover div svg {
  display: inline-block;
}

.emotion-0 {
  font-family: Roboto Condensed;
  color: #808080;
  padding: 16px;
  -webkit-flex: 1;
  -ms-flex: 1;
  flex: 1;
}

.emotion-4 {
  width: 36px;
  padding-top: 16px;
  padding-right: 16px;
}

.emotion-3 {
  -webkit-flex: 0;
  -ms-flex: 0;
  flex: 0;
  display: -webkit-box;
  display: -webkit-flex;
  display: -ms-flexbox;
  display: flex;
  -webkit-flex-direction: column;
  -ms-flex-direction: column;
  flex-direction: column;
  -webkit-align-items: center;
  -webkit-box-align: center;
  -ms-flex-align: center;
  align-items: center;
  -webkit-box-pack: center;
  -webkit-justify-content: center;
  -ms-flex-pack: center;
  justify-content: center;
  border-radius: 2px;
  margin: 0;
  padding: 12px 32px;
  white-space: nowrap;
  font-size: 15px;
  line-height: 19px;
  font-weight: 500;
  border: none;
  cursor: pointer;
  color: #ffffff;
  background-color: transparent;
  padding: 0;
}

.emotion-3:hover {
  -webkit-text-decoration: none;
  text-decoration: none;
}

.emotion-3[aria-disabled=true] {
  color: #2e2e2e;
}

.emotion-2 {
  display: none;
}

.emotion-2:hover {
  color: #ffffff;
}

.emotion-12 {
  padding-left: 16px;
  padding-right: 16px;
}

.emotion-1 {
  -webkit-flex: 4;
  -ms-flex: 4;
  flex: 4;
  font-family: Roboto Mono;
  color: #e0e0e0;
  padding: 16px;
  word-break: break-all;
}

<div
    className="emotion-12"
  >
    <div
      className="emotion-5"
    >
      <div
        className="emotion-0"
      >
        <span
          title="analysis.files.width"
        >
          Width
        </span>
      </div>
      <div
        className="emotion-1"
        title={283}
      >
        283
      </div>
      <div
        className="emotion-4"
      >
        <button
          className="emotion-3"
          onClick={[Function]}
          title="Copy to Clipboard"
          type="button"
        >
          <svg
            className="emotion-2"
            color="#808080"
            data-file-name="copy.svg"
            width={20}
          />
        </button>
      </div>
    </div>
    <div
      className="emotion-5"
    >
      <div
        className="emotion-0"
      >
        <span
          title="analysis.files.height"
        >
          Height
        </span>
      </div>
      <div
        className="emotion-1"
        title={178}
      >
        178
      </div>
      <div
        className="emotion-4"
      >
        <button
          className="emotion-3"
          onClick={[Function]}
          title="Copy to Clipboard"
          type="button"
        >
          <svg
            className="emotion-2"
            color="#808080"
            data-file-name="copy.svg"
            width={20}
          />
        </button>
      </div>
    </div>
  </div>,
]
`;
